// Jest Snapshot v1, https://goo.gl/fbAQLP

exports[`Cell should render 1`] = `
<div>
  <td>
    <div
      class="h4 table-title text-truncate"
    >
      <span>
        Test
      </span>
    </div>
  </td>
</div>
`;
