// Jest Snapshot v1, https://goo.gl/fbAQLP

exports[`BaseScreen renders 1`] = `
<div>
  <div
    class="modal-header has-title"
  >
    <div
      class="h4 modal-title"
    >
      Test Title
    </div>
    <button
      aria-label="Close"
      class="button-root close btn btn-secondary"
      type="button"
    >
      <svg
        class="lexicon-icon lexicon-icon-times icon-root"
        role="presentation"
      >
        <use
          href="#times"
        />
      </svg>
    </button>
  </div>
  Test Children
</div>
`;
