// Jest Snapshot v1, https://goo.gl/fbAQLP

exports[`InvitePeople renders 1`] = `
<div>
  <div
    class="modal-header"
  >
    <button
      aria-label="Close"
      class="button-root close btn btn-secondary"
      type="button"
    >
      <svg
        class="lexicon-icon lexicon-icon-times icon-root"
        role="presentation"
      >
        <use
          href="#times"
        />
      </svg>
    </button>
  </div>
  <div
    class="modal-body"
  >
    <div
      class="analytics-invite-user-icon icon"
    />
    <div
      class="text-center mb-4"
    >
      <span
        class="text-10 font-weight-bold"
      >
        Invite People to Workspace
      </span>
    </div>
    <div>
      <div
        class="mb-2"
      >
        <label
          class="form-control-label label-root"
        >
          <span
            class="content-container"
          >
            <span
              class="text-6 font-weight-bold"
            >
              Add Other Members
            </span>
            <span
              class="info-popover-root ml-2"
            >
              <svg
                class="lexicon-icon lexicon-icon-question-circle-full icon-root"
                role="presentation"
              >
                <use
                  href="#question-circle-full"
                />
              </svg>
            </span>
          </span>
        </label>
      </div>
      <div
        class="input-group"
      >
        <div
          class="input-group-item"
        >
          <div
            class="input-group-item input-list-root"
          >
            <div
              class="form-control form-control-tag-group"
            >
              <input
                class="form-control-inset"
                placeholder="Enter Email Address"
                type="text"
                value=""
              />
            </div>
          </div>
        </div>
      </div>
      <div
        class="mt-1"
      >
        <span
          class="text-3 text-secondary"
        >
          Enter email addresses, separated by spaces or commas.
        </span>
      </div>
    </div>
  </div>
  <div
    class="modal-footer"
  >
    <button
      class="button-root btn btn-secondary"
      type="button"
    >
      Skip
    </button>
    <button
      class="button-root ml-2 btn btn-primary"
      disabled=""
      type="button"
    >
      Send Invitations
    </button>
  </div>
</div>
`;
