// Jest Snapshot v1, https://goo.gl/fbAQLP

exports[`Welcome renders 1`] = `
<div>
  <div
    class="modal-header"
  >
    <button
      aria-label="Close"
      class="button-root close btn btn-secondary"
      type="button"
    >
      <svg
        class="lexicon-icon lexicon-icon-times icon-root"
        role="presentation"
      >
        <use
          href="#times"
        />
      </svg>
    </button>
  </div>
  <div
    class="modal-body"
  >
    <div
      class="icon analytics-onboarding-welcome-usage-icon"
    />
    <div
      class="text-center"
    >
      <span
        class="text-10 font-weight-bold"
      >
        Welcome to Analytics Cloud
      </span>
      <p>
        <span
          class="text-6 text-secondary"
        >
          Just a few more steps to set up your workspace.
        </span>
      </p>
    </div>
  </div>
  <div
    class="modal-footer d-flex justify-content-center"
  >
    <button
      class="button-root btn btn-primary"
      type="button"
    >
      Next
    </button>
  </div>
</div>
`;
