// Jest Snapshot v1, https://goo.gl/fbAQLP

exports[`CriteriaSidebar renders 1`] = `
<DocumentFragment>
  <div
    aria-label="segments-contributors-panel"
    class="criteria-sidebar-root d-flex flex-column"
    role="tabpanel"
    tabindex="-1"
  >
    <div
      class="sidebar-header"
    >
      properties
    </div>
    <div
      class="sidebar-search"
    >
      <div
        class="input-group"
      >
        <div
          class="input-group-item"
        >
          <input
            aria-label="search-properties"
            class="form-control form-control-sm input-group-inset input-group-inset-after"
            data-testid="search-input"
            placeholder="search-properties"
            type="text"
            value=""
          />
          <div
            class="c-pr-0 input-group-inset-item input-group-inset-item-after"
          >
            <button
              aria-label="search-properties"
              class="mr-1 pr-2 btn btn-unstyled"
              data-testid="search-button"
              title="search-properties"
              type="button"
            >
              <svg
                class="lexicon-icon lexicon-icon-search"
                role="presentation"
              >
                <use
                  href="#search"
                />
              </svg>
            </button>
          </div>
        </div>
      </div>
    </div>
    <div
      class="c-p-4 position-relative sidebar-collapse"
    >
      <div
        class="panel-group"
      />
    </div>
  </div>
</DocumentFragment>
`;
