// Jest Snapshot v1, https://goo.gl/fbAQLP

exports[`SyncedStripe should render 1`] = `
<div>
  <div
    class="sites-synced-stripe-root empty"
  >
    <div
      class="title d-flex align-items-center"
    >
      There are 0 sites and 0 channels synced to this property.
    </div>
    <div>
      Manage sites synced to this property by going to 
      <b>
        Instance Settings &gt; Analytics Cloud
      </b>
       in your DXP instance.
    </div>
  </div>
</div>
`;
