// Jest Snapshot v1, https://goo.gl/fbAQLP

exports[`AttributeConjunctionInput should render 1`] = `
<div
  aria-hidden="true"
  data-aria-hidden="true"
>
  <div
    class="form-group-item form-group-item-shrink"
  >
    <div
      class="dropdown"
    >
      <button
        aria-controls="clay-dropdown-menu-1"
        aria-expanded="true"
        aria-haspopup="true"
        class="dropdown-toggle form-control form-control-select form-control-select-secondary btn btn-secondary"
        style=""
        type="button"
      >
        displayName-1
      </button>
    </div>
  </div>
  <div
    class="form-group-item form-group-item-shrink"
  >
    <button
      aria-activedescendant=""
      aria-expanded="false"
      aria-haspopup="listbox"
      class="form-control form-control-select form-control-select-secondary operator-input"
      role="combobox"
      tabindex="0"
      type="button"
    >
      is
    </button>
  </div>
  <div
    class="form-group-item form-group-item-shrink"
  >
    <input
      class="input-root form-control"
      data-testid="attribute-value-string-input"
      type="text"
      value="test value"
    />
  </div>
</div>
`;
