// Jest Snapshot v1, https://goo.gl/fbAQLP

exports[`SelectDataSource should render 1`] = `
<div>
  <div
    class="select-data-source-root"
  >
    <section>
      <div
        class="h4 text-uppercase section-title"
      >
        section 1 title
      </div>
      <div
        class="section-items"
      >
        <a
          class="button-root data-source-item btn btn-unstyled"
          href="#"
        >
          <div
            class="image"
          >
            <svg
              class="lexicon-icon lexicon-icon-csv-logo icon-root icon-size-xxxl"
              role="presentation"
            >
              <use
                href="#csv-logo"
              />
            </svg>
          </div>
          <div
            class="details"
          >
            <div
              class="title"
            >
              <div
                class="h4"
              >
                test
              </div>
            </div>
            <div
              class="subtitle"
            />
          </div>
        </a>
        <a
          class="button-root data-source-item btn btn-unstyled"
          href="#"
        >
          <div
            class="image"
          >
            <svg
              class="lexicon-icon lexicon-icon-liferay-logo icon-root icon-size-xxxl"
              role="presentation"
            >
              <use
                href="#liferay-logo"
              />
            </svg>
          </div>
          <div
            class="details"
          >
            <div
              class="title"
            >
              <div
                class="h4"
              >
                test1
              </div>
            </div>
            <div
              class="subtitle"
            />
          </div>
        </a>
      </div>
    </section>
    <section>
      <div
        class="h4 text-uppercase section-title"
      >
        section two title
      </div>
      <div
        class="section-items"
      >
        <button
          class="button-root data-source-item btn btn-unstyled"
          type="button"
        >
          <div
            class="image"
          >
            <svg
              class="lexicon-icon lexicon-icon-salesforce-logo icon-root icon-size-xxl"
              role="presentation"
            >
              <use
                href="#salesforce-logo"
              />
            </svg>
          </div>
          <div
            class="details"
          >
            <div
              class="title"
            >
              <div
                class="h4"
              >
                test1
              </div>
            </div>
            <div
              class="subtitle"
            />
          </div>
        </button>
      </div>
    </section>
  </div>
</div>
`;
