// Jest Snapshot v1, https://goo.gl/fbAQLP

exports[`Sites Dashboard Interests render 1`] = `
<div>
  <div
    class="sites-dashboard-interests-root"
  >
    <div
      class="row"
    >
      <div
        class="col-xl-12"
      >
        <div
          class="card card-root sites-interests-root page-display"
        >
          <div
            class="card-header align-items-center d-flex justify-content-between"
          >
            <div
              class="dropdown dropdown-range-key-root"
            >
              <button
                aria-controls="clay-dropdown-menu-1"
                aria-expanded="false"
                aria-haspopup="true"
                class="dropdown-toggle button-root btn btn-outline-borderless btn-sm btn-outline-secondary"
                type="button"
              >
                Last 30 days
                <svg
                  class="lexicon-icon lexicon-icon-caret-bottom icon-root ml-2"
                  role="presentation"
                >
                  <use
                    href="#caret-bottom"
                  />
                </svg>
              </button>
            </div>
          </div>
          <div
            class="error-display-root flex-grow-1 error-spacer no-results-root flex-grow-1"
          >
            <div
              class="no-results-content"
            >
              <div
                class="h4 no-results-title"
              >
                An unexpected error occurred.
              </div>
              <button
                class="button-root btn btn-secondary"
                type="button"
              >
                Reload
              </button>
            </div>
          </div>
        </div>
      </div>
    </div>
  </div>
</div>
`;
