// Jest Snapshot v1, https://goo.gl/fbAQLP

exports[`Sites Dashboard Touchpoints Page render 1`] = `
<div>
  <div
    class="sites-dashboard-touchpoints-list-root"
  >
    <div
      class="row"
    >
      <div
        class="col-xl-12"
      >
        <div
          class="card card-root site-touchpoints-root page-display"
        >
          <div
            class="d-flex flex-column flex-grow-1 justify-content-between"
          >
            <div
              class="toolbar-root"
            >
              <nav
                class="navbar navbar-root management-bar management-bar-light navbar-expand"
              >
                <div
                  class="container-fluid"
                >
                  <ul
                    class="nav-root front-nav navbar-nav"
                    role="tablist"
                  />
                  <div
                    class="navbar-form navbar-form-autofit"
                  >
                    <div
                      class="input-group search"
                    >
                      <div
                        class="input-group-item"
                      >
                        <input
                          class="input-root form-control input-group-inset input-group-inset-after"
                          placeholder="Search"
                          type="text"
                          value=""
                        />
                        <div
                          class="input-group-inset-item input-group-inset-item-after"
                        >
                          <button
                            aria-label="Search"
                            class="button-root btn btn-unstyled"
                            type="button"
                          >
                            <svg
                              class="lexicon-icon lexicon-icon-search icon-root"
                              role="presentation"
                            >
                              <use
                                href="#search"
                              />
                            </svg>
                          </button>
                        </div>
                      </div>
                    </div>
                  </div>
                  <div
                    class="dropdown dropdown-range-key-root"
                  >
                    <button
                      aria-controls="clay-dropdown-menu-1"
                      aria-expanded="false"
                      aria-haspopup="true"
                      class="dropdown-toggle button-root btn btn-outline-borderless btn-sm btn-outline-secondary"
                      type="button"
                    >
                      Last 30 days
                      <svg
                        class="lexicon-icon lexicon-icon-caret-bottom icon-root ml-2"
                        role="presentation"
                      >
                        <use
                          href="#caret-bottom"
                        />
                      </svg>
                    </button>
                  </div>
                </div>
              </nav>
            </div>
            <div
              class="error-display-root flex-grow-1 error-spacer no-results-root flex-grow-1"
            >
              <div
                class="no-results-content"
              >
                <div
                  class="h4 no-results-title"
                >
                  An unexpected error occurred.
                </div>
                <button
                  class="button-root btn btn-secondary"
                  type="button"
                >
                  Reload
                </button>
              </div>
            </div>
          </div>
        </div>
      </div>
    </div>
  </div>
</div>
`;
