// Jest Snapshot v1, https://goo.gl/fbAQLP

exports[`IssueSubmitted should render 1`] = `
<div>
  <div
    class="modal-header has-title"
  >
    <div
      class="h4 modal-title"
    >
      Issue Submitted
    </div>
    <button
      aria-label="Close"
      class="button-root close btn btn-secondary"
      type="button"
    >
      <svg
        class="lexicon-icon lexicon-icon-times icon-root"
        role="presentation"
      >
        <use
          href="#times"
        />
      </svg>
    </button>
  </div>
  <div
    class="modal-body d-flex flex-column align-items-center"
  >
    <svg
      class="lexicon-icon lexicon-icon-ac-no-sites icon-root icon-size-xxxl my-5"
      role="presentation"
    >
      <use
        href="#ac-no-sites"
      />
    </svg>
    <h3>
      Message Received
    </h3>
    <p
      class="description"
    >
      Thanks for your contribution. We will look in to this as soon as possible.
    </p>
  </div>
</div>
`;
