// Jest Snapshot v1, https://goo.gl/fbAQLP

exports[`CommerceMetricCard should render 1`] = `
<div>
  <div
    class="audience-report-chart row w-100"
  >
    <div
      class="col-sm-6"
    >
      <div
        class="row"
      >
        <div
          class="col-sm-6 text-center"
        >
          <div
            class="d-inline-flex gap"
          >
            <div
              class="h4 mb-3 mr-2 text-center text-secondary title"
            >
              Visitors
            </div>
          </div>
          <div
            class="audience-report-chart-donut"
          >
            <div
              class="recharts-responsive-container"
              style="width: 800px; height: 350px; min-width: 0;"
            >
              <div
                class="recharts-wrapper"
                role="region"
                style="position: relative; cursor: default; width: 800px; height: 350px;"
              >
                <svg
                  class="recharts-surface"
                  cx="50%"
                  cy="50%"
                  height="350"
                  viewBox="0 0 800 350"
                  width="800"
                >
                  <title />
                  <desc />
                  <defs>
                    <clippath
                      id="recharts1-clip"
                    >
                      <rect
                        height="340"
                        width="790"
                        x="5"
                        y="5"
                      />
                    </clippath>
                  </defs>
                  <g
                    class="recharts-layer recharts-pie"
                    tabindex="0"
                  >
                    <g
                      class="recharts-layer recharts-pie-sector"
                      tabindex="-1"
                    >
                      <path
                        class="recharts-sector"
                        color="#FFB46E"
                        cx="400"
                        cy="147"
                        d="M 400,-6
    A 153,153,0,
    1,1,
    392.70079671790785,-5.825788502617229
  L 395.94488706550436,62.09678416521264
            A 85,85,0,
            1,0,
            400,62 Z"
                        fill="#FFB46E"
                        fill-opacity="1"
                        name="0"
                        role="img"
                        stroke="#FFB46E"
                        stroke-opacity="1"
                        tabindex="-1"
                      />
                    </g>
                    <g
                      class="recharts-layer recharts-pie-sector"
                      tabindex="-1"
                    >
                      <path
                        class="recharts-sector"
                        color="#4B9BFF"
                        cx="400"
                        cy="147"
                        d="M 392.70079671790785,-5.825788502617229
    A 153,153,0,
    0,1,
    400,-6
  L 400,62
            A 85,85,0,
            0,0,
            395.94488706550436,62.09678416521264 Z"
                        fill="#4B9BFF"
                        fill-opacity="1"
                        name="1"
                        role="img"
                        stroke="#4B9BFF"
                        stroke-opacity="1"
                        tabindex="-1"
                      />
                    </g>
                    <g
                      class="recharts-layer recharts-pie-labels"
                    >
                      <g
                        class="recharts-layer"
                      >
                        <text
                          class="recharts-text"
                          fill="#808080"
                          style="fill: black; font: Symbol\\" 14px 14px; font-size: 1rem; font-weight: 600;"
                          text-anchor="middle"
                          x="402.8393874272831"
                          y="265.96612071946277"
                        >
                          <tspan
                            dy="0em"
                            x="402.8393874272831"
                          >
                            99.24%
                          </tspan>
                        </text>
                      </g>
                      <g
                        class="recharts-layer"
                      >
                        <text
                          class="recharts-text"
                          fill="#808080"
                          style="fill: black; font: Symbol\\" 14px 14px; font-size: 1rem; font-weight: 600;"
                          text-anchor="middle"
                          x="397.16061257271696"
                          y="28.033879280537235"
                        >
                          <tspan
                            dy="0em"
                            x="397.16061257271696"
                          >
                            0.76%
                          </tspan>
                        </text>
                      </g>
                    </g>
                    <text
                      class="recharts-text recharts-label"
                      fill="#808080"
                      offset="5"
                      text-anchor="middle"
                      x="400"
                      y="147"
                    >
                      <tspan
                        dy="0.355em"
                        x="400"
                      >
                        12,902
                      </tspan>
                    </text>
                  </g>
                </svg>
                <div
                  class="recharts-legend-wrapper"
                  style="position: absolute; width: auto; height: auto; left: 400px; bottom: 5px;"
                >
                  <ul
                    class="recharts-default-legend"
                    style="padding: 0px; margin: 0px; text-align: left;"
                  >
                    <li
                      class="recharts-legend-item legend-item-0"
                      style="display: block; margin-right: 10px;"
                    >
                      <svg
                        class="recharts-surface"
                        height="12"
                        style="display: inline-block; vertical-align: middle; margin-right: 4px;"
                        viewBox="0 0 32 32"
                        width="12"
                      >
                        <title />
                        <desc />
                        <path
                          class="recharts-symbols"
                          cx="16"
                          cy="16"
                          d="M16,0A16,16,0,1,1,-16,0A16,16,0,1,1,16,0"
                          fill="#FFB46E"
                          transform="translate(16, 16)"
                        />
                      </svg>
                      <span
                        class="recharts-legend-item-text"
                        style="color: rgb(255, 180, 110);"
                      >
                        <span
                          class="text-3 text-secondary"
                        >
                          Anonymous Individuals
                        </span>
                      </span>
                    </li>
                    <li
                      class="recharts-legend-item legend-item-1"
                      style="display: block; margin-right: 10px;"
                    >
                      <svg
                        class="recharts-surface"
                        height="12"
                        style="display: inline-block; vertical-align: middle; margin-right: 4px;"
                        viewBox="0 0 32 32"
                        width="12"
                      >
                        <title />
                        <desc />
                        <path
                          class="recharts-symbols"
                          cx="16"
                          cy="16"
                          d="M16,0A16,16,0,1,1,-16,0A16,16,0,1,1,16,0"
                          fill="#4B9BFF"
                          transform="translate(16, 16)"
                        />
                      </svg>
                      <span
                        class="recharts-legend-item-text"
                        style="color: rgb(75, 155, 255);"
                      >
                        <span
                          class="text-3 text-secondary"
                        >
                          Known Individuals
                        </span>
                      </span>
                    </li>
                  </ul>
                </div>
                <div
                  class="recharts-tooltip-wrapper"
                  role="dialog"
                  style="transition: transform 400ms ease; transform: translate(undefinedpx, undefinedpx); pointer-events: none; visibility: hidden; position: absolute; top: 0px; left: 0px;"
                  tabindex="-1"
                />
              </div>
            </div>
          </div>
        </div>
        <div
          class="col-sm-6 text-center"
        >
          <div
            class="d-inline-flex gap"
          >
            <div
              class="h4 mb-3 mr-2 text-center text-secondary title"
            />
            <span
              class="info-popover-root"
            >
              <svg
                class="lexicon-icon lexicon-icon-question-circle-full icon-root"
                role="presentation"
              >
                <use
                  href="#question-circle-full"
                />
              </svg>
            </span>
          </div>
          <div
            class="audience-report-chart-donut"
          >
            <div
              class="recharts-responsive-container"
              style="width: 800px; height: 350px; min-width: 0;"
            >
              <div
                class="recharts-wrapper"
                role="region"
                style="position: relative; cursor: default; width: 800px; height: 350px;"
              >
                <svg
                  class="recharts-surface"
                  cx="50%"
                  cy="50%"
                  height="350"
                  viewBox="0 0 800 350"
                  width="800"
                >
                  <title />
                  <desc />
                  <defs>
                    <clippath
                      id="recharts3-clip"
                    >
                      <rect
                        height="340"
                        width="790"
                        x="5"
                        y="5"
                      />
                    </clippath>
                  </defs>
                  <g
                    class="recharts-layer recharts-pie"
                    tabindex="0"
                  >
                    <g
                      class="recharts-layer recharts-pie-sector"
                      tabindex="-1"
                    >
                      <path
                        class="recharts-sector"
                        color="#A1E7CC"
                        cx="400"
                        cy="147"
                        d="M 400,-6
    A 153,153,0,
    0,1,
    419.56520573772946,-4.743872114956645
  L 410.869558743183,62.69784882502408
            A 85,85,0,
            0,0,
            400,62 Z"
                        fill="#A1E7CC"
                        fill-opacity="1"
                        name="0"
                        role="img"
                        stroke="#A1E7CC"
                        stroke-opacity="1"
                        tabindex="-1"
                      />
                    </g>
                    <g
                      class="recharts-layer recharts-pie-sector"
                      tabindex="-1"
                    >
                      <path
                        class="recharts-sector"
                        color="#26966B"
                        cx="400"
                        cy="147"
                        d="M 419.56520573772946,-4.743872114956645
    A 153,153,0,
    1,1,
    400,-6
  L 400,62
            A 85,85,0,
            1,0,
            410.869558743183,62.69784882502408 Z"
                        fill="#26966B"
                        fill-opacity="1"
                        name="1"
                        role="img"
                        stroke="#26966B"
                        stroke-opacity="1"
                        tabindex="-1"
                      />
                    </g>
                    <g
                      class="recharts-layer recharts-pie-labels"
                    >
                      <g
                        class="recharts-layer"
                      >
                        <text
                          class="recharts-text"
                          fill="#808080"
                          style="fill: black; font: Symbol\\" 14px 14px; font-size: 1rem; font-weight: 600;"
                          text-anchor="middle"
                          x="407.62435617770484"
                          y="28.244498262709982"
                        >
                          <tspan
                            dy="0em"
                            x="407.62435617770484"
                          >
                            2.04%
                          </tspan>
                        </text>
                      </g>
                      <g
                        class="recharts-layer"
                      >
                        <text
                          class="recharts-text"
                          fill="#808080"
                          style="fill: black; font: Symbol\\" 14px 14px; font-size: 1rem; font-weight: 600;"
                          text-anchor="middle"
                          x="392.37564382229516"
                          y="265.75550173729005"
                        >
                          <tspan
                            dy="0em"
                            x="392.37564382229516"
                          >
                            97.96%
                          </tspan>
                        </text>
                      </g>
                    </g>
                    <text
                      class="recharts-text recharts-label"
                      fill="#808080"
                      offset="5"
                      text-anchor="middle"
                      x="400"
                      y="147"
                    >
                      <tspan
                        dy="0.355em"
                        x="400"
                      >
                        98
                      </tspan>
                    </text>
                  </g>
                </svg>
                <div
                  class="recharts-legend-wrapper"
                  style="position: absolute; width: auto; height: auto; left: 400px; bottom: 5px;"
                >
                  <ul
                    class="recharts-default-legend"
                    style="padding: 0px; margin: 0px; text-align: left;"
                  >
                    <li
                      class="recharts-legend-item legend-item-0"
                      style="display: block; margin-right: 10px;"
                    >
                      <svg
                        class="recharts-surface"
                        height="12"
                        style="display: inline-block; vertical-align: middle; margin-right: 4px;"
                        viewBox="0 0 32 32"
                        width="12"
                      >
                        <title />
                        <desc />
                        <path
                          class="recharts-symbols"
                          cx="16"
                          cy="16"
                          d="M16,0A16,16,0,1,1,-16,0A16,16,0,1,1,16,0"
                          fill="#A1E7CC"
                          transform="translate(16, 16)"
                        />
                      </svg>
                      <span
                        class="recharts-legend-item-text"
                        style="color: rgb(161, 231, 204);"
                      >
                        <span
                          class="text-3 text-secondary"
                        >
                          Segmented
                        </span>
                      </span>
                    </li>
                    <li
                      class="recharts-legend-item legend-item-1"
                      style="display: block; margin-right: 10px;"
                    >
                      <svg
                        class="recharts-surface"
                        height="12"
                        style="display: inline-block; vertical-align: middle; margin-right: 4px;"
                        viewBox="0 0 32 32"
                        width="12"
                      >
                        <title />
                        <desc />
                        <path
                          class="recharts-symbols"
                          cx="16"
                          cy="16"
                          d="M16,0A16,16,0,1,1,-16,0A16,16,0,1,1,16,0"
                          fill="#26966B"
                          transform="translate(16, 16)"
                        />
                      </svg>
                      <span
                        class="recharts-legend-item-text"
                        style="color: rgb(38, 150, 107);"
                      >
                        <span
                          class="text-3 text-secondary"
                        >
                          Unsegmented
                        </span>
                      </span>
                    </li>
                  </ul>
                </div>
                <div
                  class="recharts-tooltip-wrapper"
                  role="dialog"
                  style="transition: transform 400ms ease; transform: translate(undefinedpx, undefinedpx); pointer-events: none; visibility: hidden; position: absolute; top: 0px; left: 0px;"
                  tabindex="-1"
                />
              </div>
            </div>
          </div>
        </div>
      </div>
    </div>
    <div
      class="col-sm-6 pl-5"
    >
      <div
        class="d-inline-flex gap"
      >
        <div
          class="h4 mb-3 mr-2 text-center text-secondary title"
        >
          Viewer Segments
        </div>
        <span
          class="info-popover-root"
        >
          <svg
            class="lexicon-icon lexicon-icon-question-circle-full icon-root"
            role="presentation"
          >
            <use
              href="#question-circle-full"
            />
          </svg>
        </span>
      </div>
      <div
        class="audience-report-chart-bar"
      >
        <div
          class="analytics-bar-chart-html disable-scroll"
        >
          <div
            class="analytics-bar-chart-html-grid"
          >
            <div
              class="analytics-bar-chart-html-grid-item"
            >
              <span>
                0%
              </span>
            </div>
            <div
              class="analytics-bar-chart-html-grid-item"
            >
              <span>
                50%
              </span>
            </div>
            <div
              class="analytics-bar-chart-html-grid-item"
            >
              <span>
                100%
              </span>
            </div>
            <div
              class="analytics-bar-chart-html-grid-item"
            >
              <span>
                150%
              </span>
            </div>
          </div>
          <div
            class="analytics-bar-chart-html-group-items"
          >
            <ul
              class="analytics-bar-chart-html-items"
            >
              <li
                class="analytics-bar-chart-html-item"
              >
                <div
                  class="analytics-bar-chart-html-header"
                >
                  <div
                    class="analytics-bar-chart-html-progress"
                  >
                    <div
                      style="background-color: rgb(161, 231, 204); width: 66.7%;"
                    />
                  </div>
                  <div>
                    <div
                      class="analytics-bar-chart-html-column"
                    >
                      <svg
                        class="lexicon-icon lexicon-icon-ac-segment analytics-bar-chart-html-icon icon-root"
                        role="presentation"
                      >
                        <use
                          href="#ac-segment"
                        />
                      </svg>
                      <div
                        class="text-truncate w-100"
                      >
                        <span>
                          UK Visitors
                        </span>
                      </div>
                    </div>
                  </div>
                </div>
              </li>
            </ul>
          </div>
        </div>
      </div>
    </div>
  </div>
</div>
`;
