// Jest Snapshot v1, https://goo.gl/fbAQLP

exports[`Field Radio has a helptext 1`] = `
<div>
  <div
    aria-labelledby="radioField_fieldDetails"
    class="form-group hide"
    data-field-name="radioField"
  >
    <div
      class="ddm__radio"
    >
      <div
        class=""
      >
        <div
          class="custom-control custom-radio custom-control-outside"
          data-checked="false"
        >
          <label>
            <input
              class="custom-control-input"
              role="radio"
              type="radio"
              value="option1"
            />
            <span
              class="custom-control-label"
            >
              <span
                class="custom-control-label-text"
              >
                Option 1
              </span>
            </span>
          </label>
        </div>
        <div
          class="custom-control custom-radio custom-control-outside"
          data-checked="false"
        >
          <label>
            <input
              class="custom-control-input"
              role="radio"
              type="radio"
              value="option2"
            />
            <span
              class="custom-control-label"
            >
              <span
                class="custom-control-label-text"
              >
                Option 2
              </span>
            </span>
          </label>
        </div>
      </div>
    </div>
    <input
      name="radioField"
      type="hidden"
      value=""
    />
    <input
      name="radioField_edited"
      type="hidden"
      value="false"
    />
    <div
      aria-hidden="true"
      class="form-feedback-group lfr-de__field-feedback"
    >
      <div
        aria-live="assertive"
        class="form-feedback-item"
        id="radioField_fieldError"
      />
      <div
        id="radioField_fieldHelp"
      >
        Type something
      </div>
    </div>
    <span
      class="sr-only"
      id="radioField_fieldDetails"
    >
      Type something
    </span>
  </div>
</div>
`;

exports[`Field Radio has a label 1`] = `
<div>
  <div
    class="form-group hide"
    data-field-name="radioField"
  >
    <label
      aria-labelledby="radioField_fieldDetails"
      class="ddm-label"
    >
      label
    </label>
    <div
      class="ddm__radio"
    >
      <div
        class=""
      >
        <div
          class="custom-control custom-radio custom-control-outside"
          data-checked="false"
        >
          <label>
            <input
              class="custom-control-input"
              role="radio"
              type="radio"
              value="option1"
            />
            <span
              class="custom-control-label"
            >
              <span
                class="custom-control-label-text"
              >
                Option 1
              </span>
            </span>
          </label>
        </div>
        <div
          class="custom-control custom-radio custom-control-outside"
          data-checked="false"
        >
          <label>
            <input
              class="custom-control-input"
              role="radio"
              type="radio"
              value="option2"
            />
            <span
              class="custom-control-label"
            >
              <span
                class="custom-control-label-text"
              >
                Option 2
              </span>
            </span>
          </label>
        </div>
      </div>
    </div>
    <input
      name="radioField"
      type="hidden"
      value=""
    />
    <input
      name="radioField_edited"
      type="hidden"
      value="false"
    />
    <div
      aria-hidden="true"
      class="form-feedback-group lfr-de__field-feedback"
    >
      <div
        aria-live="assertive"
        class="form-feedback-item"
        id="radioField_fieldError"
      />
    </div>
    <span
      class="sr-only"
      id="radioField_fieldDetails"
    >
      label
    </span>
  </div>
</div>
`;

exports[`Field Radio has a placeholder 1`] = `
<div>
  <div
    aria-labelledby="radioField_fieldDetails"
    class="form-group hide"
    data-field-name="radioField"
  >
    <div
      class="ddm__radio"
    >
      <div
        class=""
      >
        <div
          class="custom-control custom-radio custom-control-outside"
          data-checked="false"
        >
          <label>
            <input
              class="custom-control-input"
              role="radio"
              type="radio"
              value="option1"
            />
            <span
              class="custom-control-label"
            >
              <span
                class="custom-control-label-text"
              >
                Option 1
              </span>
            </span>
          </label>
        </div>
        <div
          class="custom-control custom-radio custom-control-outside"
          data-checked="false"
        >
          <label>
            <input
              class="custom-control-input"
              role="radio"
              type="radio"
              value="option2"
            />
            <span
              class="custom-control-label"
            >
              <span
                class="custom-control-label-text"
              >
                Option 2
              </span>
            </span>
          </label>
        </div>
      </div>
    </div>
    <input
      name="radioField"
      type="hidden"
      value=""
    />
    <input
      name="radioField_edited"
      type="hidden"
      value="false"
    />
    <div
      aria-hidden="true"
      class="form-feedback-group lfr-de__field-feedback"
    >
      <div
        aria-live="assertive"
        class="form-feedback-item"
        id="radioField_fieldError"
      />
    </div>
  </div>
</div>
`;

exports[`Field Radio has a value 1`] = `
<div>
  <div
    aria-labelledby="radioField_fieldDetails"
    class="form-group hide"
    data-field-name="radioField"
  >
    <div
      class="ddm__radio"
    >
      <div
        class=""
      >
        <div
          class="custom-control custom-radio custom-control-outside"
          data-checked="false"
        >
          <label>
            <input
              class="custom-control-input"
              role="radio"
              type="radio"
              value="option1"
            />
            <span
              class="custom-control-label"
            >
              <span
                class="custom-control-label-text"
              >
                Option 1
              </span>
            </span>
          </label>
        </div>
        <div
          class="custom-control custom-radio custom-control-outside"
          data-checked="false"
        >
          <label>
            <input
              class="custom-control-input"
              role="radio"
              type="radio"
              value="option2"
            />
            <span
              class="custom-control-label"
            >
              <span
                class="custom-control-label-text"
              >
                Option 2
              </span>
            </span>
          </label>
        </div>
      </div>
    </div>
    <input
      name="radioField"
      type="hidden"
      value="value"
    />
    <input
      name="radioField_edited"
      type="hidden"
      value="false"
    />
    <div
      aria-hidden="true"
      class="form-feedback-group lfr-de__field-feedback"
    >
      <div
        aria-live="assertive"
        class="form-feedback-item"
        id="radioField_fieldError"
      />
    </div>
  </div>
</div>
`;

exports[`Field Radio has an id 1`] = `
<div>
  <div
    aria-labelledby="Id_fieldDetails"
    class="form-group hide"
    data-field-name="radioField"
  >
    <div
      class="ddm__radio"
    >
      <div
        class=""
      >
        <div
          class="custom-control custom-radio custom-control-outside"
          data-checked="false"
        >
          <label>
            <input
              class="custom-control-input"
              role="radio"
              type="radio"
              value="option1"
            />
            <span
              class="custom-control-label"
            >
              <span
                class="custom-control-label-text"
              >
                Option 1
              </span>
            </span>
          </label>
        </div>
        <div
          class="custom-control custom-radio custom-control-outside"
          data-checked="false"
        >
          <label>
            <input
              class="custom-control-input"
              role="radio"
              type="radio"
              value="option2"
            />
            <span
              class="custom-control-label"
            >
              <span
                class="custom-control-label-text"
              >
                Option 2
              </span>
            </span>
          </label>
        </div>
      </div>
    </div>
    <input
      name="radioField"
      type="hidden"
      value=""
    />
    <input
      name="radioField_edited"
      type="hidden"
      value="false"
    />
    <div
      aria-hidden="true"
      class="form-feedback-group lfr-de__field-feedback"
    >
      <div
        aria-live="assertive"
        class="form-feedback-item"
        id="Id_fieldError"
      />
    </div>
  </div>
</div>
`;

exports[`Field Radio is not editable 1`] = `
<div>
  <div
    aria-labelledby="radioField_fieldDetails"
    class="form-group hide"
    data-field-name="radioField"
  >
    <div
      class="ddm__radio"
    >
      <div
        class=""
      >
        <div
          class="custom-control custom-radio custom-control-outside"
          data-checked="false"
        >
          <label>
            <input
              class="custom-control-input"
              disabled=""
              role="radio"
              type="radio"
              value="option1"
            />
            <span
              class="custom-control-label"
            >
              <span
                class="custom-control-label-text"
              >
                Option 1
              </span>
            </span>
          </label>
        </div>
        <div
          class="custom-control custom-radio custom-control-outside"
          data-checked="false"
        >
          <label>
            <input
              class="custom-control-input"
              disabled=""
              role="radio"
              type="radio"
              value="option2"
            />
            <span
              class="custom-control-label"
            >
              <span
                class="custom-control-label-text"
              >
                Option 2
              </span>
            </span>
          </label>
        </div>
      </div>
    </div>
    <input
      name="radioField"
      type="hidden"
      value=""
    />
    <input
      name="radioField_edited"
      type="hidden"
      value="false"
    />
    <div
      aria-hidden="true"
      class="form-feedback-group lfr-de__field-feedback"
    >
      <div
        aria-live="assertive"
        class="form-feedback-item"
        id="radioField_fieldError"
      />
    </div>
  </div>
</div>
`;

exports[`Field Radio is not required 1`] = `
<div>
  <div
    aria-labelledby="radioField_fieldDetails"
    class="form-group hide"
    data-field-name="radioField"
  >
    <div
      class="ddm__radio"
    >
      <div
        class=""
      >
        <div
          class="custom-control custom-radio custom-control-outside"
          data-checked="false"
        >
          <label>
            <input
              aria-required="false"
              class="custom-control-input"
              role="radio"
              type="radio"
              value="option1"
            />
            <span
              class="custom-control-label"
            >
              <span
                class="custom-control-label-text"
              >
                Option 1
              </span>
            </span>
          </label>
        </div>
        <div
          class="custom-control custom-radio custom-control-outside"
          data-checked="false"
        >
          <label>
            <input
              aria-required="false"
              class="custom-control-input"
              role="radio"
              type="radio"
              value="option2"
            />
            <span
              class="custom-control-label"
            >
              <span
                class="custom-control-label-text"
              >
                Option 2
              </span>
            </span>
          </label>
        </div>
      </div>
    </div>
    <input
      name="radioField"
      type="hidden"
      value=""
    />
    <input
      name="radioField_edited"
      type="hidden"
      value="false"
    />
    <div
      aria-hidden="true"
      class="form-feedback-group lfr-de__field-feedback"
    >
      <div
        aria-live="assertive"
        class="form-feedback-item"
        id="radioField_fieldError"
      />
    </div>
  </div>
</div>
`;

exports[`Field Radio renders Label if showLabel is true 1`] = `
<div>
  <div
    class="form-group hide"
    data-field-name="radioField"
  >
    <label
      aria-labelledby="radioField_fieldDetails"
      class="ddm-label"
    >
      text
    </label>
    <div
      class="ddm__radio"
    >
      <div
        class=""
      >
        <div
          class="custom-control custom-radio custom-control-outside"
          data-checked="false"
        >
          <label>
            <input
              class="custom-control-input"
              role="radio"
              type="radio"
              value="option1"
            />
            <span
              class="custom-control-label"
            >
              <span
                class="custom-control-label-text"
              >
                Option 1
              </span>
            </span>
          </label>
        </div>
        <div
          class="custom-control custom-radio custom-control-outside"
          data-checked="false"
        >
          <label>
            <input
              class="custom-control-input"
              role="radio"
              type="radio"
              value="option2"
            />
            <span
              class="custom-control-label"
            >
              <span
                class="custom-control-label-text"
              >
                Option 2
              </span>
            </span>
          </label>
        </div>
      </div>
    </div>
    <input
      name="radioField"
      type="hidden"
      value=""
    />
    <input
      name="radioField_edited"
      type="hidden"
      value="false"
    />
    <div
      aria-hidden="true"
      class="form-feedback-group lfr-de__field-feedback"
    >
      <div
        aria-live="assertive"
        class="form-feedback-item"
        id="radioField_fieldError"
      />
    </div>
    <span
      class="sr-only"
      id="radioField_fieldDetails"
    >
      text
    </span>
  </div>
</div>
`;

exports[`Field Radio renders no options when options is empty 1`] = `
<div>
  <div
    aria-labelledby="radioField_fieldDetails"
    class="form-group hide"
    data-field-name="radioField"
  >
    <div
      class="ddm__radio"
    >
      <div
        class=""
      />
    </div>
    <input
      name="radioField"
      type="hidden"
      value=""
    />
    <input
      name="radioField_edited"
      type="hidden"
      value="false"
    />
    <div
      aria-hidden="true"
      class="form-feedback-group lfr-de__field-feedback"
    >
      <div
        aria-live="assertive"
        class="form-feedback-item"
        id="radioField_fieldError"
      />
    </div>
  </div>
</div>
`;

exports[`Field Radio renders options 1`] = `
<div>
  <div
    aria-labelledby="radioField_fieldDetails"
    class="form-group hide"
    data-field-name="radioField"
  >
    <div
      class="ddm__radio"
    >
      <div
        class=""
      >
        <div
          class="custom-control custom-radio custom-control-outside"
          data-checked="false"
        >
          <label>
            <input
              class="custom-control-input"
              role="radio"
              type="radio"
              value="item"
            />
            <span
              class="custom-control-label"
            >
              <span
                class="custom-control-label-text"
              >
                label
              </span>
            </span>
          </label>
        </div>
        <div
          class="custom-control custom-radio custom-control-outside"
          data-checked="false"
        >
          <label>
            <input
              class="custom-control-input"
              role="radio"
              type="radio"
              value="item2"
            />
            <span
              class="custom-control-label"
            >
              <span
                class="custom-control-label-text"
              >
                label2
              </span>
            </span>
          </label>
        </div>
      </div>
    </div>
    <input
      name="radioField"
      type="hidden"
      value=""
    />
    <input
      name="radioField_edited"
      type="hidden"
      value="false"
    />
    <div
      aria-hidden="true"
      class="form-feedback-group lfr-de__field-feedback"
    >
      <div
        aria-live="assertive"
        class="form-feedback-item"
        id="radioField_fieldError"
      />
    </div>
  </div>
</div>
`;
