// Jest Snapshot v1, https://goo.gl/fbAQLP

exports[`DropZone renders 1`] = `
<DocumentFragment>
  <div
    class="drop-zone-root position-relative drop-zone-user drop-zone-user-group_01-undefined-bottom"
  >
    <div
      class="drop-zone-target"
    />
  </div>
</DocumentFragment>
`;
