// Jest Snapshot v1, https://goo.gl/fbAQLP

exports[`FilterBySegment should render 1`] = `
<div>
  <div
    class="d-flex justify-content-between w-100 analytics-segment-filter-root"
  >
    <div
      class="align-items-center d-flex"
    >
      <div
        class="dropdown"
      >
        <button
          aria-controls="clay-dropdown-menu-1"
          aria-expanded="false"
          aria-haspopup="true"
          class="dropdown-toggle btn btn-outline-borderless btn-sm btn-outline-secondary"
          type="button"
        >
          Filter
          <svg
            class="lexicon-icon lexicon-icon-caret-bottom ml-2"
            role="presentation"
          >
            <use
              href="#caret-bottom"
            />
          </svg>
        </button>
      </div>
    </div>
  </div>
</div>
`;
