// Jest Snapshot v1, https://goo.gl/fbAQLP

exports[`DateRangeInput renders 1`] = `
<div>
  <div
    class="dropdown dropdown-range-key-root"
  >
    <div
      aria-controls="clay-dropdown-menu-1"
      aria-expanded="false"
      aria-haspopup="true"
      class="dropdown-toggle"
    >
      <div
        class="input-group"
      >
        <div
          class="input-group-item"
        >
          <input
            autocomplete="off"
            class="input-root form-control input-group-inset input-group-inset-after"
            data-testid="date-range-input"
            placeholder="YYYY-MM-DD to YYYY-MM-DD"
            readonly=""
            type="text"
            value="1970-01-01 to 1973-03-03"
          />
          <div
            class="input-group-inset-item input-group-inset-item-after"
          >
            <button
              aria-label="Choose Date Range"
              class="button-root btn btn-unstyled"
              type="button"
            >
              <svg
                class="lexicon-icon lexicon-icon-calendar icon-root"
                role="presentation"
              >
                <use
                  href="#calendar"
                />
              </svg>
            </button>
          </div>
        </div>
      </div>
    </div>
  </div>
</div>
`;
