// Jest Snapshot v1, https://goo.gl/fbAQLP

exports[`OperatingSystem should render 1`] = `
<div>
  <div
    class="analytics-operating-system-chart"
  >
    <div
      class="recharts-responsive-container"
      style="width: 100%; height: 370px; min-width: 0;"
    />
  </div>
</div>
`;
