// Jest Snapshot v1, https://goo.gl/fbAQLP

exports[`TimeZoneAlert should render 1`] = `
<div>
  <div
    class="alert alert-dismissible alert-info"
    role="alert"
  >
    <span
      class="alert-indicator"
    >
      <svg
        class="lexicon-icon lexicon-icon-exclamation-full icon-root"
        role="presentation"
      >
        <use
          href="#exclamation-full"
        />
      </svg>
    </span>
    <strong
      class="lead"
    >
      Info:
    </strong>
    Workspace timezone has changed to UTC -03:00 Brasilia Time  as of a few seconds ago. Please allow 1-2 days for the data to adjust to this new setting.
    <button
      class="close"
    >
      <svg
        class="lexicon-icon lexicon-icon-times icon-root"
        role="presentation"
      >
        <use
          href="#times"
        />
      </svg>
    </button>
  </div>
</div>
`;
