// Jest Snapshot v1, https://goo.gl/fbAQLP

exports[`FilterOptions should render 1`] = `
<div>
  <div
    class="attribute-options"
  >
    <div
      class="options-header"
    >
      <button
        class="button-root back-to-attributes-button btn btn-sm btn-unstyled"
        type="button"
      >
        <svg
          class="lexicon-icon lexicon-icon-angle-left-small icon-root mr-2"
          role="presentation"
        >
          <use
            href="#angle-left-small"
          />
        </svg>
        Back To Attributes
      </button>
      <div
        class="filter-info-root"
      >
        <div
          class="filter-name d-flex align-items-center justify-content-between"
        >
          Filed Ticket
          <button
            aria-label="Edit"
            class="button-root btn btn-outline-borderless btn-sm btn-outline-secondary"
            type="button"
          >
            <svg
              class="lexicon-icon lexicon-icon-pencil icon-root"
              role="presentation"
            >
              <use
                href="#pencil"
              />
            </svg>
          </button>
        </div>
        <div
          class="label label-root label-info label-uppercase"
        >
          <span
            class="label-item"
          >
            String
          </span>
        </div>
      </div>
    </div>
    <form
      class="form-root"
    >
      <div
        class="options-body"
      >
        <div
          class="form-group form-group-autofit"
        >
          <div
            class="form-group-item"
          >
            <div
              class=""
            >
              <label
                class="form-control-label label-root"
                for="operator"
              >
                <span
                  class="content-container"
                >
                  Condition
                </span>
              </label>
              <select
                class="form-control select-root"
                id="operator"
                name="operator"
              >
                <option
                  value="contains"
                >
                  contains
                </option>
                <option
                  value="notContains"
                >
                  does not contain
                </option>
                <option
                  value="eq"
                >
                  is
                </option>
                <option
                  value="ne"
                >
                  is not
                </option>
              </select>
            </div>
          </div>
        </div>
        <div
          class="form-group form-group-autofit"
        >
          <div
            class="form-group-item"
          >
            <div
              class=""
            >
              <div
                class="input-group select-input-root"
              >
                <div
                  class="input-group-item"
                >
                  <input
                    aria-autocomplete="list"
                    aria-controls="clay-id-1"
                    aria-labelledby="clay-autocomplete-label-1"
                    autocomplete="off"
                    autocorrect="off"
                    class="form-control input-group-inset input-group-inset-after"
                    data-testid="attribute-value-string-input"
                    id="clay-autocomplete-1"
                    role="combobox"
                    spellcheck="false"
                    type="text"
                    value=""
                  />
                  <div
                    aria-label="Loading"
                    aria-valuemax="100"
                    aria-valuemin="0"
                    class="input-group-inset-item input-group-inset-item-after"
                    role="progressbar"
                  >
                    <span
                      class="inline-item inline-item-middle"
                    >
                      <span
                        aria-hidden="true"
                        class="loading-animation loading-animation-sm"
                      />
                    </span>
                  </div>
                </div>
              </div>
            </div>
          </div>
        </div>
      </div>
      <div
        class="options-footer"
      >
        <button
          class="button-root btn btn-block btn-primary"
          disabled=""
          type="submit"
        >
          Apply
        </button>
      </div>
    </form>
  </div>
</div>
`;
