// Jest Snapshot v1, https://goo.gl/fbAQLP

exports[`StringFilter should render 1`] = `
<div>
  <form
    class="form-root"
  >
    <div
      class="options-body"
    >
      <div
        class="form-group form-group-autofit"
      >
        <div
          class="form-group-item"
        >
          <div
            class=""
          >
            <label
              class="form-control-label label-root"
              for="operator"
            >
              <span
                class="content-container"
              >
                Condition
              </span>
            </label>
            <select
              class="form-control select-root"
              id="operator"
              name="operator"
            >
              <option
                value="contains"
              >
                contains
              </option>
              <option
                value="notContains"
              >
                does not contain
              </option>
              <option
                value="eq"
              >
                is
              </option>
              <option
                value="ne"
              >
                is not
              </option>
            </select>
          </div>
        </div>
      </div>
      <div
        class="form-group form-group-autofit"
      >
        <div
          class="form-group-item"
        >
          <div
            class=""
          >
            <div
              class="input-group select-input-root"
            >
              <div
                class="input-group-item"
              >
                <input
                  aria-autocomplete="list"
                  aria-controls="clay-id-1"
                  aria-labelledby="clay-autocomplete-label-1"
                  autocomplete="off"
                  autocorrect="off"
                  class="form-control input-group-inset input-group-inset-after"
                  data-testid="attribute-value-string-input"
                  id="clay-autocomplete-1"
                  role="combobox"
                  spellcheck="false"
                  type="text"
                  value=""
                />
                <div
                  aria-label="Loading"
                  aria-valuemax="100"
                  aria-valuemin="0"
                  class="input-group-inset-item input-group-inset-item-after"
                  role="progressbar"
                >
                  <span
                    class="inline-item inline-item-middle"
                  >
                    <span
                      aria-hidden="true"
                      class="loading-animation loading-animation-sm"
                    />
                  </span>
                </div>
              </div>
            </div>
          </div>
        </div>
      </div>
    </div>
    <div
      class="options-footer"
    >
      <button
        class="button-root btn btn-block btn-primary"
        disabled=""
        type="submit"
      >
        Apply
      </button>
    </div>
  </form>
</div>
`;
