{
	"pageElement": {
		"id": "item1",
		"pageElements": [
			{
				"definition": {
					"fragment": {
						"key": "test-text-fragment",
						"siteKey": "Â£{SITE_KEY}"
					},
					"fragmentConfig": {
					},
					"fragmentFields": [
						{
							"id": "element-text",
							"value": {
								"fragmentLink": {
								},
								"text": {
									"value_i18n": {
										"en_US": "p2"
									}
								}
							}
						}
					],
					"indexed": true,
					"name": "customName"
				},
				"id": "item2",
				"type": "Fragment"
			}
		],
		"type": "Root"
	},
	"settings": {
		"colorSchemeName": "01",
		"themeName": "Classic"
	},
	"version": 1.1
}