// Jest Snapshot v1, https://goo.gl/fbAQLP

exports[`DownloadStaticCSVReport renders component 1`] = `
<div>
  <button
    aria-hidden="true"
    class="btn btn-outline-borderless btn-sm btn-outline-secondary"
    data-suppressed="true"
    type="button"
  >
    <svg
      class="lexicon-icon lexicon-icon-download mr-2"
      role="presentation"
    >
      <use
        href="#download"
      />
    </svg>
    Download Reports
  </button>
  <div
    aria-hidden="true"
    class="modal-backdrop fade show"
    data-suppressed="true"
  />
  <div
    class="fade modal d-block show"
  >
    <div
      class="modal-dialog"
    >
      <div
        aria-labelledby="clay-modal-label-1"
        aria-modal="true"
        class="modal-content"
        role="dialog"
        tabindex="-1"
      >
        <form>
          <div
            class="modal-header"
          >
            <h1
              class="modal-title"
              id="clay-modal-label-1"
            >
              Download Reports
            </h1>
            <button
              aria-label="close"
              class="close btn btn-unstyled"
              type="button"
            >
              <svg
                class="lexicon-icon lexicon-icon-times"
                role="presentation"
              >
                <use
                  href="#times"
                />
              </svg>
            </button>
          </div>
          <div
            class="modal-body"
          >
            <p>
              The generated CSV file supports up to 10,000 entries per export and it will respect the current ordering and search results. Please ensure that any desired changes have been successfully applied before downloading the Individuals list.
            </p>
          </div>
          <div
            class="modal-footer"
          >
            <div
              class="modal-item-first"
            />
            <div
              class="modal-item"
            />
            <div
              class="modal-item-last"
            >
              <div
                class="btn-group"
                role="group"
              >
                <div
                  class="btn-group-item"
                >
                  <button
                    class="btn btn-secondary"
                    data-testid="cancel"
                    type="button"
                  >
                    Cancel
                  </button>
                </div>
                <div
                  class="btn-group-item"
                >
                  <button
                    class="btn btn-primary"
                    data-testid="submit"
                    type="submit"
                  >
                    Download
                  </button>
                </div>
              </div>
            </div>
          </div>
        </form>
      </div>
    </div>
  </div>
</div>
`;
