// Jest Snapshot v1, https://goo.gl/fbAQLP

exports[`Modal Header renders 1`] = `
<div>
  <div
    class="modal-header has-title"
  >
    <div
      class="h4 modal-title"
    >
      Foo
    </div>
  </div>
</div>
`;
