// Jest Snapshot v1, https://goo.gl/fbAQLP

exports[`CriteriaSidebarItem should render 1`] = `
<div>
  <li
    class="criteria-sidebar-item-root"
    data-testid="criteria-item-Page Views"
  >
    <span
      class="inline-item"
    >
      <svg
        class="lexicon-icon lexicon-icon-drag icon-root"
        role="presentation"
      >
        <use
          href="#drag"
        />
      </svg>
    </span>
    <span
      class="criteria-sidebar-item-type sticker"
    >
      <span
        class="inline-item"
      >
        <svg
          class="lexicon-icon lexicon-icon-text icon-root"
          role="presentation"
        >
          <use
            href="#text"
          />
        </svg>
      </span>
    </span>
    Page Views
  </li>
</div>
`;
