// Jest Snapshot v1, https://goo.gl/fbAQLP

exports[`CriteriaSidebarCollapse should render 1`] = `
<div>
  <ul
    class="property-subgroups-list active"
  >
    <li>
      
      <ul
        class="properties-list"
      >
        <li
          class="criteria-sidebar-item-root color--"
          data-testid="criteria-item-Page Views"
          draggable="true"
        >
          <span
            class="inline-item"
          >
            <svg
              class="lexicon-icon lexicon-icon-drag icon-root"
              role="presentation"
            >
              <use
                href="#drag"
              />
            </svg>
          </span>
          <span
            class="criteria-sidebar-item-type sticker"
          >
            <span
              class="inline-item"
            >
              <svg
                class="lexicon-icon lexicon-icon-text icon-root"
                role="presentation"
              >
                <use
                  href="#text"
                />
              </svg>
            </span>
          </span>
          Page Views
        </li>
      </ul>
    </li>
    <li>
      <div
        class="property-subgroup-label"
      >
        DXP Custom Fields
      </div>
      <ul
        class="properties-list"
      >
        <li
          class="criteria-sidebar-item-root color--"
          data-testid="criteria-item-Page Actions"
          draggable="true"
        >
          <span
            class="inline-item"
          >
            <svg
              class="lexicon-icon lexicon-icon-drag icon-root"
              role="presentation"
            >
              <use
                href="#drag"
              />
            </svg>
          </span>
          <span
            class="criteria-sidebar-item-type sticker"
          >
            <span
              class="inline-item"
            >
              <svg
                class="lexicon-icon lexicon-icon-text icon-root"
                role="presentation"
              >
                <use
                  href="#text"
                />
              </svg>
            </span>
          </span>
          Page Actions
        </li>
      </ul>
    </li>
  </ul>
</div>
`;
