// Jest Snapshot v1, https://goo.gl/fbAQLP

exports[`ActivitiesCard should render 1`] = `
<div>
  <div
    class="card card-root account-activities-card-root"
  >
    <div
      class="card-header"
    >
      <div
        class="card-title"
      >
        Account Activities
      </div>
    </div>
    <div
      class="card-body"
    >
      <div
        class="change-legend-root"
      >
        <div
          class="legend-item activities"
        >
          <div
            class="legend-header"
          >
            <span
              class="legend-color"
              style="background-color: rgb(75, 155, 255);"
            />
            <span
              class="title"
            >
              Total Activity Count: 123
            </span>
          </div>
          <div
            class="secondary-info"
          >
            30 Day Change
            <span
              class="change increase"
            >
              <svg
                class="lexicon-icon lexicon-icon-caret-top icon-root"
                role="presentation"
              >
                <use
                  href="#caret-top"
                />
              </svg>
              128.0%
            </span>
          </div>
        </div>
      </div>
      <div
        class="composed-chart-with-empty-state"
      >
        <div
          class="recharts-responsive-container"
          style="width: 100%; height: 340px; min-width: 0;"
        />
      </div>
    </div>
    <div
      class="card-footer"
    >
      <a
        class="button-root btn btn-outline-borderless btn-sm btn-outline-secondary"
        href="/workspace/23/contacts/accounts/test/activities"
      >
        View All Activities
        <svg
          class="lexicon-icon lexicon-icon-angle-right-small icon-root ml-2"
          role="presentation"
        >
          <use
            href="#angle-right-small"
          />
        </svg>
      </a>
    </div>
  </div>
</div>
`;
