// Jest Snapshot v1, https://goo.gl/fbAQLP

exports[`ConnectDXPModal renders 1`] = `
<div>
  <div
    aria-modal="true"
    class="modal-dialog connect-dxp onboarding-modal-root"
    role="dialog"
  >
    <div
      class="modal-content"
    >
      <div
        class="modal-header"
      >
        <button
          aria-label="Close"
          class="button-root close btn btn-secondary"
          type="button"
        >
          <svg
            class="lexicon-icon lexicon-icon-times icon-root"
            role="presentation"
          >
            <use
              href="#times"
            />
          </svg>
        </button>
      </div>
      <div
        class="modal-body"
      >
        <div
          class="analytics-to-dxp-container"
        >
          <svg
            class="lexicon-icon lexicon-icon-dxp-icon icon-root icon-size-xl"
            role="presentation"
          >
            <use
              href="#dxp-icon"
            />
          </svg>
          <svg
            class="lexicon-icon lexicon-icon-ac-horizontal-arrows arrows icon-root icon-size-lg"
            role="presentation"
          >
            <use
              href="#ac-horizontal-arrows"
            />
          </svg>
          <svg
            class="lexicon-icon lexicon-icon-ac-logo-grayscale icon-root icon-size-xl"
            role="presentation"
          >
            <use
              href="#ac-logo-grayscale"
            />
          </svg>
        </div>
        <div
          class="text-center mb-4"
        >
          <span
            class="text-10 font-weight-bold"
          >
            Connect Your DXP Analytics
          </span>
        </div>
        <div
          class="mb-1"
        >
          <span
            class="text-4 font-weight-bold"
          >
            Copy this token to your DXP instance.
          </span>
        </div>
        <div
          class="input-group"
        >
          <div
            class="input-group-item input-group-prepend"
          >
            <input
              class="input-root form-control text-truncate input-group-inset input-group-inset-after"
              type="text"
              value=""
            />
            <div
              class="input-group-inset-item copy-button input-group-inset-item-after"
            >
              <button
                aria-label="Click to Copy"
                class="copy-button btn btn-unstyled"
                data-clipboard-text=""
                title="Click to Copy"
                type="button"
              >
                <svg
                  class="lexicon-icon lexicon-icon-copy icon-root"
                  role="presentation"
                >
                  <use
                    href="#copy"
                  />
                </svg>
              </button>
            </div>
          </div>
        </div>
        <div
          class="mt-1"
        >
          <span
            class="text-3 text-secondary"
          >
            <a
              class=""
              href="https://learn.liferay.com/analytics-cloud/latest/en/connecting-data-sources/connecting-liferay-dxp-to-analytics-cloud.html"
              rel="noreferrer noopener"
              target="_blank"
            >
              Click here
              <span
                class="sr-only"
              >
                (Opens a new window)
              </span>
            </a>
             to learn how to connect Liferay DXP to Analytics Cloud.
          </span>
        </div>
        <div
          class="mt-4 mb-1"
        >
          <label
            class="form-control-label label-root"
          >
            <span
              class="content-container"
            >
              <span
                class="text-6 font-weight-bold"
              >
                DXP Requirements
              </span>
              <span
                class="info-popover-root ml-2"
              >
                <svg
                  class="lexicon-icon lexicon-icon-question-circle-full icon-root"
                  role="presentation"
                >
                  <use
                    href="#question-circle-full"
                  />
                </svg>
              </span>
            </span>
          </label>
        </div>
        <div
          class="d-flex align-items-center justify-content-between"
        >
          <div
            class="flex-grow-1 mr-3"
          >
            <select
              class="form-control select-root"
            >
              <option
                value="dxp-2024-q-1-1"
              >
                DXP 2024.Q1.1 Quarterly Release
              </option>
              <option
                value="dxp-73-u30"
              >
                DXP Version 7.3 U30 + and above with hotfix
              </option>
            </select>
          </div>
          <div>
            <a
              class="button-root btn btn-secondary"
              href="https://customer.liferay.com/downloads/-/download/dxp-2024-q1-1-quarterly-release"
              rel="noreferrer noopener"
              target="_blank"
            >
              <svg
                class="lexicon-icon lexicon-icon-shortcut icon-root mr-2"
                role="presentation"
              >
                <use
                  href="#shortcut"
                />
              </svg>
              Download
              <span
                class="sr-only"
              >
                (Opens a new window)
              </span>
            </a>
          </div>
        </div>
      </div>
      <div
        class="modal-footer"
      >
        <div>
          <button
            class="button-root btn btn-secondary"
            type="button"
          >
            Cancel
          </button>
          <a
            class="button-root ml-2 btn btn-primary"
            href="/workspace/123/settings/data-source"
          >
            Done
          </a>
        </div>
      </div>
    </div>
  </div>
</div>
`;
