// Jest Snapshot v1, https://goo.gl/fbAQLP

exports[`FieldPreviewModal should render 1`] = `
<div>
  <div
    aria-modal="true"
    class="modal-dialog field-preview-modal-root modal-lg"
    role="dialog"
  >
    <div
      class="modal-content"
    >
      <div
        class="modal-header has-title"
      >
        <div
          class="h4 modal-title"
        >
          Field Preview "foo"
        </div>
        <button
          aria-label="Close"
          class="button-root close btn btn-secondary"
          type="button"
        >
          <svg
            class="lexicon-icon lexicon-icon-times icon-root"
            role="presentation"
          >
            <use
              href="#times"
            />
          </svg>
        </button>
      </div>
      <ul
        class="list-group list-group-root show-quick-actions-on-hover"
      >
        <li
          class="list-group-header list-group-item-flex"
        >
          <div
            class="autofit-col"
          />
        </li>
      </ul>
    </div>
  </div>
</div>
`;
