// Jest Snapshot v1, https://goo.gl/fbAQLP

exports[`NewRequestModal renders 1`] = `
<div>
  <div
    aria-modal="true"
    class="modal-dialog new-request-modal-root"
    role="dialog"
  >
    <div
      class="modal-content"
    >
      <div
        class="modal-header has-title"
      >
        <div
          class="h4 modal-title"
        >
          New Request
        </div>
      </div>
      <form
        class="form-root"
      >
        <div
          class="modal-body"
        >
          <p
            class="text-secondary"
          >
            New requests will be added to the queue and you will be notified once the job has completed running.
          </p>
          <div
            class="form-group"
          >
            <div
              class="h4"
            >
              Job Type
            </div>
            <div
              class="form-group-item"
            >
              <div
                class="custom-control custom-checkbox"
              >
                <label>
                  <input
                    class="custom-control-input"
                    form="[object Object]"
                    name="accessRequest"
                    type="checkbox"
                    value="false"
                  />
                  <span
                    class="custom-control-label"
                  >
                    <span
                      class="custom-control-label-text"
                    >
                      <span
                        class="checkbox-label"
                      >
                        Access
                        <span
                          class="text-secondary"
                        >
                           - Creates downloadable file of all the data collected related to a user.
                        </span>
                      </span>
                    </span>
                  </span>
                </label>
              </div>
            </div>
            <div
              class="form-group-item"
            >
              <div
                class="custom-control custom-checkbox"
              >
                <label>
                  <input
                    class="custom-control-input"
                    form="[object Object]"
                    name="deleteRequest"
                    type="checkbox"
                    value="false"
                  />
                  <span
                    class="custom-control-label"
                  >
                    <span
                      class="custom-control-label-text"
                    >
                      <span
                        class="checkbox-label"
                      >
                        Delete
                        <span
                          class="text-secondary"
                        >
                           - Delete user's PII and add them to the suppression list.
                        </span>
                      </span>
                    </span>
                  </span>
                </label>
              </div>
            </div>
            <div
              class="form-group-item"
            >
              <div
                class="custom-control custom-checkbox"
              >
                <label>
                  <input
                    class="custom-control-input"
                    form="[object Object]"
                    name="suppressRequest"
                    type="checkbox"
                    value="false"
                  />
                  <span
                    class="custom-control-label"
                  >
                    <span
                      class="custom-control-label-text"
                    >
                      <span
                        class="checkbox-label"
                      >
                        Suppress
                        <span
                          class="text-secondary"
                        >
                           - Suppress identity resolution of users based on their email.
                        </span>
                      </span>
                    </span>
                  </span>
                </label>
              </div>
            </div>
          </div>
          <div
            class="form-group"
          >
            <div
              class="h4"
            >
              Data Subject ID
            </div>
            <div
              class="form-group-item"
            >
              <div>
                <div
                  class="radio-group-root"
                >
                  <div
                    class="custom-control custom-radio"
                  >
                    <label>
                      <input
                        checked=""
                        class="custom-control-input"
                        name="subjectIdType"
                        type="radio"
                      />
                      <span
                        class="custom-control-label"
                      >
                        <span
                          class="custom-control-label-text"
                        >
                          Find by Email
                        </span>
                      </span>
                    </label>
                  </div>
                  <div
                    class="radio-group-subsection-root"
                  >
                    <div
                      class="input-group"
                    >
                      <div
                        class="form-control form-control-tag-group input-group"
                      >
                        <div
                          class="input-group-item"
                        >
                          <div
                            class="input-group"
                          >
                            <div
                              class="input-group-item d-contents input-group-item-shrink input-group-prepend"
                              role="grid"
                            />
                            <div
                              class="input-group-item input-group-prepend"
                            >
                              <input
                                aria-autocomplete="list"
                                aria-controls="clay-id-2"
                                aria-expanded="false"
                                autocomplete="off"
                                autocorrect="off"
                                class="form-control-inset"
                                placeholder="example@email.com"
                                role="combobox"
                                spellcheck="false"
                                type="text"
                                value=""
                              />
                            </div>
                          </div>
                        </div>
                        <div
                          class="sr-only"
                        >
                          <span
                            id="clay-id-1"
                          >
                            Press backspace to delete the current row.
                          </span>
                          <span
                            aria-live="polite"
                            aria-relevant="text"
                          />
                        </div>
                      </div>
                    </div>
                  </div>
                  <div
                    class="custom-control custom-radio"
                  >
                    <label>
                      <input
                        class="custom-control-input"
                        name="subjectIdType"
                        type="radio"
                      />
                      <span
                        class="custom-control-label"
                      >
                        <span
                          class="custom-control-label-text"
                        >
                          Upload File
                        </span>
                      </span>
                    </label>
                  </div>
                  <div
                    class="radio-group-subsection-root hide"
                  >
                    <div>
                      <div
                        class="file-drop-target-root"
                      >
                        <div
                          class="drop-target-container"
                        >
                          <button
                            class="button-root btn btn-sm btn-secondary"
                            type="button"
                          >
                            Select File
                          </button>
                          <div
                            class="drop-zone"
                          >
                            Or Drag and Drop Files Here
                          </div>
                        </div>
                      </div>
                      <div
                        class="example-file-text text-secondary"
                      >
                        Please upload files in CSV format. A sample file can be found 
                        <a
                          class=""
                          download="example_user_request.csv"
                          href="data:text/octet-stream;charset=utf-8,user@example.com
user1@example.com
user2@example.com"
                        >
                          here
                        </a>
                        .
                      </div>
                    </div>
                  </div>
                </div>
              </div>
            </div>
          </div>
        </div>
        <div
          class="modal-footer"
        >
          <button
            class="button-root btn btn-secondary"
            type="button"
          >
            Cancel
          </button>
          <button
            class="button-root btn btn-primary"
            disabled=""
            type="submit"
          >
            Save
          </button>
        </div>
      </form>
    </div>
  </div>
</div>
`;
