// Jest Snapshot v1, https://goo.gl/fbAQLP

exports[`Options shows the options 1`] = `
<div>
  <div
    aria-labelledby="options_fieldDetails"
    class="form-group hide"
    data-field-name="options"
  >
    <div
      class="ddm-field-options-container"
    >
      <div
        class="ddm-options-target"
      />
      <div
        class="ddm-field-options"
      >
        <span
          class="ddm-options-drag"
          draggable="true"
        >
          <svg
            class="lexicon-icon lexicon-icon-drag"
            role="presentation"
          >
            <use
              href="#drag"
            />
          </svg>
        </span>
        <div
          class="ddm-option-entry"
        >
          <div
            class="panel panel-secondary"
          >
            <button
              aria-controls="clay-id-1"
              aria-expanded="true"
              class="panel-header panel-header-link collapsable-option-header collapse-icon collapse-icon-middle show btn btn-unstyled"
              type="button"
            >
              <span
                class="panel-title"
              >
                Option 1
              </span>
              <span
                class="collapse-icon-closed"
              >
                <svg
                  class="lexicon-icon lexicon-icon-angle-right"
                  role="presentation"
                >
                  <use
                    href="#angle-right"
                  />
                </svg>
              </span>
              <span
                class="collapse-icon-open"
              >
                <svg
                  class="lexicon-icon lexicon-icon-angle-down"
                  role="presentation"
                >
                  <use
                    href="#angle-down"
                  />
                </svg>
              </span>
            </button>
            <div
              aria-labelledby="clay-id-1"
              class="panel-collapse expanded"
              id="clay-id-1"
              role="region"
            >
              <div
                class="panel-body collapsable-option-body"
              >
                <label
                  for="keyValueDisplayNameoption0"
                >
                  display-name
                </label>
                <div
                  aria-labelledby="option0_fieldDetails"
                  class="form-group hide"
                  data-field-name="option0"
                >
                  <div
                    aria-labelledby="keyValueDisplayNameoption0_fieldDetails"
                    class="form-group hide"
                    data-field-name="keyValueDisplayNameoption0"
                  >
                    <div
                      data-tooltip-align="top"
                      title="Option 1"
                    >
                      <input
                        aria-describedby="keyValueDisplayNameoption0_fieldError"
                        aria-invalid="true"
                        class="form-control ddm-field-text"
                        id="keyValueDisplayNameoption0"
                        name="keyValueDisplayNameoption0"
                        placeholder="Option"
                        type="text"
                        value="Option 1"
                      />
                    </div>
                    <input
                      name="keyValueDisplayNameoption0_edited"
                      type="hidden"
                      value="false"
                    />
                    <div
                      aria-hidden="true"
                      class="form-feedback-group lfr-de__field-feedback"
                    >
                      <div
                        aria-live="assertive"
                        class="form-feedback-item"
                        id="keyValueDisplayNameoption0_fieldError"
                      />
                    </div>
                  </div>
                  <button
                    aria-label="remove-x-option"
                    class="close close-modal"
                    type="button"
                  >
                    <svg
                      class="lexicon-icon lexicon-icon-times"
                      role="presentation"
                    >
                      <use
                        href="#times"
                      />
                    </svg>
                  </button>
                  <input
                    name="option0_edited"
                    type="hidden"
                    value="false"
                  />
                  <div
                    aria-hidden="true"
                    class="form-feedback-group lfr-de__field-feedback"
                  >
                    <div
                      aria-live="assertive"
                      class="form-feedback-item"
                      id="option0_fieldError"
                    />
                  </div>
                </div>
                <label
                  class="mt-3"
                  for="keyValueReferenceOption1"
                >
                  option-reference
                </label>
                <div
                  aria-labelledby="Option1_fieldDetails"
                  class="form-group hide"
                  data-field-name="Option1"
                >
                  <div
                    aria-labelledby="keyValueReferenceOption1_fieldDetails"
                    class="form-group hide"
                    data-field-name="keyValueReferenceOption1"
                  >
                    <div
                      data-tooltip-align="top"
                      title="Option1"
                    >
                      <input
                        aria-describedby="keyValueReferenceOption1_fieldError"
                        aria-invalid="true"
                        class="form-control ddm-field-text"
                        id="keyValueReferenceOption1"
                        name="keyValueReferenceOption1"
                        type="text"
                        value="Option1"
                      />
                    </div>
                    <input
                      name="keyValueReferenceOption1_edited"
                      type="hidden"
                      value="false"
                    />
                    <div
                      aria-hidden="true"
                      class="form-feedback-group lfr-de__field-feedback"
                    >
                      <div
                        aria-live="assertive"
                        class="form-feedback-item"
                        id="keyValueReferenceOption1_fieldError"
                      />
                    </div>
                  </div>
                  <input
                    name="Option1_edited"
                    type="hidden"
                    value="false"
                  />
                  <div
                    aria-hidden="true"
                    class="form-feedback-group lfr-de__field-feedback"
                  >
                    <div
                      aria-live="assertive"
                      class="form-feedback-item"
                      id="Option1_fieldError"
                    />
                  </div>
                </div>
                <label
                  class="mt-3"
                  for="keyValueNameOption1"
                >
                  option-name
                </label>
                <span
                  data-tooltip-align="top"
                  title="modifying-the-option-name-may-result-in-data-loss"
                >
                  Â 
                  <svg
                    class="lexicon-icon lexicon-icon-question-circle-full tooltip-icon"
                    role="presentation"
                  >
                    <use
                      href="#question-circle-full"
                    />
                  </svg>
                </span>
                <div
                  aria-labelledby="Option1_fieldDetails"
                  class="form-group hide"
                  data-field-name="Option1"
                >
                  <div
                    aria-labelledby="keyValueNameOption1_fieldDetails"
                    class="form-group hide"
                    data-field-name="keyValueNameOption1"
                  >
                    <div
                      data-tooltip-align="top"
                      title="Option1"
                    >
                      <input
                        aria-describedby="keyValueNameOption1_fieldError"
                        aria-invalid="true"
                        class="form-control ddm-field-text"
                        id="keyValueNameOption1"
                        name="keyValueNameOption1"
                        type="text"
                        value="Option1"
                      />
                    </div>
                    <input
                      name="keyValueNameOption1_edited"
                      type="hidden"
                      value="false"
                    />
                    <div
                      aria-hidden="true"
                      class="form-feedback-group lfr-de__field-feedback"
                    >
                      <div
                        aria-live="assertive"
                        class="form-feedback-item"
                        id="keyValueNameOption1_fieldError"
                      />
                    </div>
                  </div>
                  <input
                    name="Option1_edited"
                    type="hidden"
                    value="false"
                  />
                  <div
                    aria-hidden="true"
                    class="form-feedback-group lfr-de__field-feedback"
                  >
                    <div
                      aria-live="assertive"
                      class="form-feedback-item"
                      id="Option1_fieldError"
                    />
                  </div>
                </div>
              </div>
            </div>
          </div>
        </div>
      </div>
      <div
        class="ddm-options-target"
      />
      <div
        class="ddm-field-options"
      >
        <span
          class="ddm-options-drag"
          draggable="true"
        >
          <svg
            class="lexicon-icon lexicon-icon-drag"
            role="presentation"
          >
            <use
              href="#drag"
            />
          </svg>
        </span>
        <div
          class="ddm-option-entry"
        >
          <div
            class="panel panel-secondary"
          >
            <button
              aria-controls="clay-id-2"
              aria-expanded="true"
              class="panel-header panel-header-link collapsable-option-header collapse-icon collapse-icon-middle show btn btn-unstyled"
              type="button"
            >
              <span
                class="panel-title"
              >
                Option 2
              </span>
              <span
                class="collapse-icon-closed"
              >
                <svg
                  class="lexicon-icon lexicon-icon-angle-right"
                  role="presentation"
                >
                  <use
                    href="#angle-right"
                  />
                </svg>
              </span>
              <span
                class="collapse-icon-open"
              >
                <svg
                  class="lexicon-icon lexicon-icon-angle-down"
                  role="presentation"
                >
                  <use
                    href="#angle-down"
                  />
                </svg>
              </span>
            </button>
            <div
              aria-labelledby="clay-id-2"
              class="panel-collapse expanded"
              id="clay-id-2"
              role="region"
            >
              <div
                class="panel-body collapsable-option-body"
              >
                <label
                  for="keyValueDisplayNameoption1"
                >
                  display-name
                </label>
                <div
                  aria-labelledby="option1_fieldDetails"
                  class="form-group hide"
                  data-field-name="option1"
                >
                  <div
                    aria-labelledby="keyValueDisplayNameoption1_fieldDetails"
                    class="form-group hide"
                    data-field-name="keyValueDisplayNameoption1"
                  >
                    <div
                      data-tooltip-align="top"
                      title="Option 2"
                    >
                      <input
                        aria-describedby="keyValueDisplayNameoption1_fieldError"
                        aria-invalid="true"
                        class="form-control ddm-field-text"
                        id="keyValueDisplayNameoption1"
                        name="keyValueDisplayNameoption1"
                        placeholder="Option"
                        type="text"
                        value="Option 2"
                      />
                    </div>
                    <input
                      name="keyValueDisplayNameoption1_edited"
                      type="hidden"
                      value="false"
                    />
                    <div
                      aria-hidden="true"
                      class="form-feedback-group lfr-de__field-feedback"
                    >
                      <div
                        aria-live="assertive"
                        class="form-feedback-item"
                        id="keyValueDisplayNameoption1_fieldError"
                      />
                    </div>
                  </div>
                  <button
                    aria-label="remove-x-option"
                    class="close close-modal"
                    type="button"
                  >
                    <svg
                      class="lexicon-icon lexicon-icon-times"
                      role="presentation"
                    >
                      <use
                        href="#times"
                      />
                    </svg>
                  </button>
                  <input
                    name="option1_edited"
                    type="hidden"
                    value="false"
                  />
                  <div
                    aria-hidden="true"
                    class="form-feedback-group lfr-de__field-feedback"
                  >
                    <div
                      aria-live="assertive"
                      class="form-feedback-item"
                      id="option1_fieldError"
                    />
                  </div>
                </div>
                <label
                  class="mt-3"
                  for="keyValueReferenceOption2"
                >
                  option-reference
                </label>
                <div
                  aria-labelledby="Option2_fieldDetails"
                  class="form-group hide"
                  data-field-name="Option2"
                >
                  <div
                    aria-labelledby="keyValueReferenceOption2_fieldDetails"
                    class="form-group hide"
                    data-field-name="keyValueReferenceOption2"
                  >
                    <div
                      data-tooltip-align="top"
                      title="Option2"
                    >
                      <input
                        aria-describedby="keyValueReferenceOption2_fieldError"
                        aria-invalid="true"
                        class="form-control ddm-field-text"
                        id="keyValueReferenceOption2"
                        name="keyValueReferenceOption2"
                        type="text"
                        value="Any<String>"
                      />
                    </div>
                    <input
                      name="keyValueReferenceOption2_edited"
                      type="hidden"
                      value="false"
                    />
                    <div
                      aria-hidden="true"
                      class="form-feedback-group lfr-de__field-feedback"
                    >
                      <div
                        aria-live="assertive"
                        class="form-feedback-item"
                        id="keyValueReferenceOption2_fieldError"
                      />
                    </div>
                  </div>
                  <input
                    name="Option2_edited"
                    type="hidden"
                    value="false"
                  />
                  <div
                    aria-hidden="true"
                    class="form-feedback-group lfr-de__field-feedback"
                  >
                    <div
                      aria-live="assertive"
                      class="form-feedback-item"
                      id="Option2_fieldError"
                    />
                  </div>
                </div>
                <label
                  class="mt-3"
                  for="keyValueNameOption2"
                >
                  option-name
                </label>
                <span
                  data-tooltip-align="top"
                  title="modifying-the-option-name-may-result-in-data-loss"
                >
                  Â 
                  <svg
                    class="lexicon-icon lexicon-icon-question-circle-full tooltip-icon"
                    role="presentation"
                  >
                    <use
                      href="#question-circle-full"
                    />
                  </svg>
                </span>
                <div
                  aria-labelledby="Option2_fieldDetails"
                  class="form-group hide"
                  data-field-name="Option2"
                >
                  <div
                    aria-labelledby="keyValueNameOption2_fieldDetails"
                    class="form-group hide"
                    data-field-name="keyValueNameOption2"
                  >
                    <div
                      data-tooltip-align="top"
                      title="Option2"
                    >
                      <input
                        aria-describedby="keyValueNameOption2_fieldError"
                        aria-invalid="true"
                        class="form-control ddm-field-text"
                        id="keyValueNameOption2"
                        name="keyValueNameOption2"
                        type="text"
                        value="Any<String>"
                      />
                    </div>
                    <input
                      name="keyValueNameOption2_edited"
                      type="hidden"
                      value="false"
                    />
                    <div
                      aria-hidden="true"
                      class="form-feedback-group lfr-de__field-feedback"
                    >
                      <div
                        aria-live="assertive"
                        class="form-feedback-item"
                        id="keyValueNameOption2_fieldError"
                      />
                    </div>
                  </div>
                  <input
                    name="Option2_edited"
                    type="hidden"
                    value="false"
                  />
                  <div
                    aria-hidden="true"
                    class="form-feedback-group lfr-de__field-feedback"
                  >
                    <div
                      aria-live="assertive"
                      class="form-feedback-item"
                      id="Option2_fieldError"
                    />
                  </div>
                </div>
              </div>
            </div>
          </div>
        </div>
      </div>
      <button
        class="add-option-button btn btn-secondary"
        type="button"
      >
        <span>
          add-option
        </span>
      </button>
    </div>
    <input
      name="options_edited"
      type="hidden"
      value="false"
    />
    <div
      aria-hidden="true"
      class="form-feedback-group lfr-de__field-feedback"
    >
      <div
        aria-live="assertive"
        class="form-feedback-item"
        id="options_fieldError"
      />
    </div>
  </div>
</div>
`;
