// Jest Snapshot v1, https://goo.gl/fbAQLP

exports[`Individuals Dashboard Distribution renders 1`] = `
<div>
  <div
    class="individuals-dashboard-distribution-root container-fluid"
  >
    <div
      class="row"
    >
      <div
        class="col-xl-12"
      >
        <div
          class="body-root page-container"
        >
          <span
            class="children-wrapper"
          >
            <div
              class="card card-root"
            >
              <div
                class="card-header"
              >
                <div
                  class="card-title"
                >
                  Distribution by attribute
                </div>
                <span
                  class="description-secondary"
                >
                  Breakdown known members by the top 100 results or the number of bins assigned for a selected attribute. Only results with data will appear.
                </span>
              </div>
              <div
                class="card-body"
              >
                <form
                  class="form-root chart-options"
                >
                  <label
                    class="form-control-label label-root"
                  >
                    <span
                      class="content-container"
                    >
                      Breakdown By
                    </span>
                  </label>
                  <div
                    class="form-group mt-2 form-group-autofit"
                  >
                    <div
                      class="form-group-item form-group-item-shrink"
                    >
                      <div
                        class=""
                      >
                        <div
                          class="dropdown dropdown-root base-select-container"
                        >
                          <div
                            aria-controls="clay-dropdown-menu-1"
                            aria-expanded="false"
                            aria-haspopup="true"
                            class="dropdown-toggle"
                          >
                            <div
                              class="input-group base-select-input-root select-input-root"
                            >
                              <div
                                class="input-group-item"
                              >
                                <input
                                  autocomplete="off"
                                  class="input-root form-control input-group-inset input-group-inset-after"
                                  id="breakdown"
                                  placeholder="Select Field"
                                  type="text"
                                  value=""
                                />
                                <div
                                  class="input-group-inset-item input-group-inset-item-after"
                                >
                                  <svg
                                    class="lexicon-icon lexicon-icon-caret-bottom icon-root"
                                    role="presentation"
                                  >
                                    <use
                                      href="#caret-bottom"
                                    />
                                  </svg>
                                </div>
                              </div>
                            </div>
                          </div>
                        </div>
                      </div>
                    </div>
                  </div>
                </form>
                <div
                  class="chart-container"
                >
                  <div
                    class="no-results-root flex-grow-1"
                  >
                    <div
                      class="no-results-content"
                    >
                      <div
                        class="no-results-icon"
                      >
                        <svg
                          class="lexicon-icon lexicon-icon-ac-satellite icon-root icon-size-xxxl"
                          role="presentation"
                        >
                          <use
                            href="#ac-satellite"
                          />
                        </svg>
                      </div>
                      <div
                        class="h4 no-results-title"
                      >
                        There are no results found.
                      </div>
                      <div
                        class="no-results-description"
                      >
                        Try choosing a different breakdown.
                        <a
                          class="d-block"
                          href="https://learn.liferay.com/analytics-cloud/latest/en/people/individuals/individuals-dashboard.html#breakdown"
                          rel="noreferrer noopener"
                          target="_blank"
                        >
                          Learn more about distribution.
                          <span
                            class="sr-only"
                          >
                            (Opens a new window)
                          </span>
                        </a>
                      </div>
                    </div>
                  </div>
                </div>
              </div>
            </div>
          </span>
        </div>
      </div>
    </div>
  </div>
</div>
`;

exports[`Individuals Dashboard Distribution renders with data source empty state 1`] = `
<div>
  <div
    class="no-results-root display-card flex-grow-1"
  >
    <div
      class="no-results-content"
    >
      <div
        class="no-results-icon"
      >
        <svg
          class="lexicon-icon lexicon-icon-ac-satellite icon-root icon-size-xxxl"
          role="presentation"
        >
          <use
            href="#ac-satellite"
          />
        </svg>
      </div>
      <div
        class="h4 no-results-title"
      >
        No Data Sources Connected
      </div>
      <div
        class="no-results-description"
      >
        Connect a data source to get started.
        <a
          class="d-block mb-3"
          href="https://learn.liferay.com/analytics-cloud/latest/en/getting-started/connecting-liferay-dxp-to-analytics-cloud.html"
          rel="noreferrer noopener"
          target="_blank"
        >
          Access our documentation to learn more.
          <span
            class="sr-only"
          >
            (Opens a new window)
          </span>
        </a>
        <a
          class="button-root btn btn-primary"
          href="/workspace/123/settings/data-source/add"
        >
          Connect Data Source
        </a>
      </div>
    </div>
  </div>
</div>
`;
